Calibration - ScryptParams:  {
    "iterations": 1048576,
    "block_size": 1,
    "parallelism": 2,
    "salt_bytes": 32,
    "derived_key_length": 32,
    "generated_or_stored_salt": null,
    "derived_key": null
}
Salt: 26ltuiXsw8M6jQ/XoIAe6TFJvmvqKZaotjVu5Q3qXpc=
Derived Key Length (includes SCryptParam data): 64
Mac:  ey/PTmO2LRek7sD4NF2BlgAAAAAAAAAAAAAAAAAAAAA=
Verifying Security of data...
CipherText: VU59JAYsPCeCb2TwzBg2pCEKbxrGm5cuPySL+QYYs1okhGi6VlQkWq99zT0mAPYx